// Jest Snapshot v1, https://goo.gl/fbAQLP

exports[`Tests tnArticleHelpers.processTranslationNotes() Test tnArticleHelpers.processTranslationNotes() for en 1`] = `
Array [
  Object {
    "comments": false,
    "contextId": Object {
      "checkId": "xy18",
      "glQuote": "",
      "groupId": "figs-exclusive",
      "occurrence": 1,
      "occurrenceNote": "This includes Paul, Titus, and all Christians. (See: [[rc://*/ta/man/translate/figs-exclusive]])",
      "quote": "ἡμῶν",
      "quoteString": "ἡμῶν",
      "reference": Object {
        "bookId": "tit",
        "chapter": 1,
        "verse": 3,
      },
      "tool": "translationNotes",
    },
    "nothingToSelect": false,
    "reminders": false,
    "selections": false,
    "verseEdits": false,
  },
  Object {
    "comments": false,
    "contextId": Object {
      "checkId": "xy17",
      "glQuote": "",
      "groupId": "figs-exclusive",
      "occurrence": 1,
      "occurrenceNote": "This includes Paul, Titus, and all Christians. (See: [[rc://*/ta/man/translate/figs-exclusive]])",
      "quote": "ἡμῶν",
      "quoteString": "ἡμῶν",
      "reference": Object {
        "bookId": "tit",
        "chapter": 1,
        "verse": 4,
      },
      "tool": "translationNotes",
    },
    "nothingToSelect": false,
    "reminders": false,
    "selections": false,
    "verseEdits": false,
  },
  Object {
    "comments": false,
    "contextId": Object {
      "checkId": "xy15",
      "glQuote": "",
      "groupId": "figs-exclusive",
      "occurrence": 1,
      "occurrenceNote": "This includes Paul, Titus, and all Christians. (See: [[rc://*/ta/man/translate/figs-exclusive]])",
      "quote": "ἡμῶν",
      "quoteString": "ἡμῶν",
      "reference": Object {
        "bookId": "tit",
        "chapter": 2,
        "verse": 8,
      },
      "tool": "translationNotes",
    },
    "nothingToSelect": false,
    "reminders": false,
    "selections": false,
    "verseEdits": false,
  },
  Object {
    "comments": false,
    "contextId": Object {
      "checkId": "xy16",
      "glQuote": "",
      "groupId": "figs-exclusive",
      "occurrence": 1,
      "occurrenceNote": "Here, **our** is inclusive of Paul, Titus, and all Christians (See: [[rc://*/ta/man/translate/figs-exclusive]])",
      "quote": "ἡμῶν",
      "quoteString": "ἡμῶν",
      "reference": Object {
        "bookId": "tit",
        "chapter": 2,
        "verse": 10,
      },
      "tool": "translationNotes",
    },
    "nothingToSelect": false,
    "reminders": false,
    "selections": false,
    "verseEdits": false,
  },
  Object {
    "comments": false,
    "contextId": Object {
      "checkId": "abce",
      "glQuote": "",
      "groupId": "figs-exclusive",
      "occurrence": 1,
      "occurrenceNote": "This includes Paul, Titus, and all Christians. (See: [[rc://*/ta/man/translate/figs-exclusive]])",
      "quote": "ἡμᾶς",
      "quoteString": "ἡμᾶς",
      "reference": Object {
        "bookId": "tit",
        "chapter": 2,
        "verse": 12,
      },
      "tool": "translationNotes",
    },
    "nothingToSelect": false,
    "reminders": false,
    "selections": false,
    "verseEdits": false,
  },
  Object {
    "comments": false,
    "contextId": Object {
      "checkId": "xy20",
      "glQuote": "",
      "groupId": "figs-exclusive",
      "occurrence": 1,
      "occurrenceNote": "This includes Paul, Titus, and all Christians. (See: [[rc://*/ta/man/translate/figs-exclusive]])",
      "quote": "ἡμῶν",
      "quoteString": "ἡμῶν",
      "reference": Object {
        "bookId": "tit",
        "chapter": 2,
        "verse": 14,
      },
      "tool": "translationNotes",
    },
    "nothingToSelect": false,
    "reminders": false,
    "selections": false,
    "verseEdits": false,
  },
  Object {
    "comments": false,
    "contextId": Object {
      "checkId": "xy21",
      "glQuote": "",
      "groupId": "figs-exclusive",
      "occurrence": 1,
      "occurrenceNote": "This includes Paul, Titus, and all Christians. (See: [[rc://*/ta/man/translate/figs-exclusive]])",
      "quote": "ἡμᾶς",
      "quoteString": "ἡμᾶς",
      "reference": Object {
        "bookId": "tit",
        "chapter": 2,
        "verse": 14,
      },
      "tool": "translationNotes",
    },
    "nothingToSelect": false,
    "reminders": false,
    "selections": false,
    "verseEdits": false,
  },
  Object {
    "comments": false,
    "contextId": Object {
      "checkId": "bl8e",
      "glQuote": "",
      "groupId": "figs-exclusive",
      "occurrence": 1,
      "occurrenceNote": "“even we” or “we ourselves” This includes Paul, Titus, and all Christians, referring to the time before they trusted in Christ. (See: [[rc://*/ta/man/translate/figs-exclusive]])",
      "quote": "ἡμεῖς",
      "quoteString": "ἡμεῖς",
      "reference": Object {
        "bookId": "tit",
        "chapter": 3,
        "verse": 3,
      },
      "tool": "translationNotes",
    },
    "nothingToSelect": false,
    "reminders": false,
    "selections": false,
    "verseEdits": false,
  },
  Object {
    "comments": false,
    "contextId": Object {
      "checkId": "abch",
      "glQuote": "",
      "groupId": "figs-exclusive",
      "occurrence": 1,
      "occurrenceNote": "This includes Paul, Titus, and all Christians. (See: [[rc://*/ta/man/translate/figs-exclusive]])",
      "quote": "ἡμῶν",
      "quoteString": "ἡμῶν",
      "reference": Object {
        "bookId": "tit",
        "chapter": 3,
        "verse": 4,
      },
      "tool": "translationNotes",
    },
    "nothingToSelect": false,
    "reminders": false,
    "selections": false,
    "verseEdits": false,
  },
  Object {
    "comments": false,
    "contextId": Object {
      "checkId": "xy24",
      "glQuote": "",
      "groupId": "figs-exclusive",
      "occurrence": 1,
      "occurrenceNote": "This includes Paul, Titus, and all Christians. (See: [[rc://*/ta/man/translate/figs-exclusive]])",
      "quote": "ἡμᾶς",
      "quoteString": "ἡμᾶς",
      "reference": Object {
        "bookId": "tit",
        "chapter": 3,
        "verse": 6,
      },
      "tool": "translationNotes",
    },
    "nothingToSelect": false,
    "reminders": false,
    "selections": false,
    "verseEdits": false,
  },
  Object {
    "comments": false,
    "contextId": Object {
      "checkId": "xy23",
      "glQuote": "",
      "groupId": "figs-exclusive",
      "occurrence": 1,
      "occurrenceNote": "This includes Paul, Titus, and all Christians. (See: [[rc://*/ta/man/translate/figs-exclusive]])",
      "quote": "ἡμῶν",
      "quoteString": "ἡμῶν",
      "reference": Object {
        "bookId": "tit",
        "chapter": 3,
        "verse": 6,
      },
      "tool": "translationNotes",
    },
    "nothingToSelect": false,
    "reminders": false,
    "selections": false,
    "verseEdits": false,
  },
  Object {
    "comments": false,
    "contextId": Object {
      "checkId": "xy33",
      "glQuote": "",
      "groupId": "figs-exclusive",
      "occurrence": 1,
      "occurrenceNote": "Here, **our** includes Paul and Titus. The form should be either dual or inclusive. (See: [[rc://*/ta/man/translate/figs-exclusive]])",
      "quote": Array [
        Object {
          "occurrence": 1,
          "word": "οἱ",
        },
        Object {
          "occurrence": 1,
          "word": "ἡμέτεροι",
        },
      ],
      "quoteString": "οἱ ἡμέτεροι",
      "reference": Object {
        "bookId": "tit",
        "chapter": 3,
        "verse": 14,
      },
      "tool": "translationNotes",
    },
    "nothingToSelect": false,
    "reminders": false,
    "selections": false,
    "verseEdits": false,
  },
  Object {
    "comments": false,
    "contextId": Object {
      "checkId": "xy35",
      "glQuote": "",
      "groupId": "figs-exclusive",
      "occurrence": 1,
      "occurrenceNote": "Here, **us** is probably exclusive and refers to Paul and the group of Christians with him. Paul is sending greetings from this group to the group of Christians that is with Titus on Crete. (See: [[rc://*/ta/man/translate/figs-exclusive]])",
      "quote": "ἡμᾶς",
      "quoteString": "ἡμᾶς",
      "reference": Object {
        "bookId": "tit",
        "chapter": 3,
        "verse": 15,
      },
      "tool": "translationNotes",
    },
    "nothingToSelect": false,
    "reminders": false,
    "selections": false,
    "verseEdits": false,
  },
]
`;
